\BOOKMARK [1][-]{section.1}{\376\377\060\157\060\130\060\201\060\153}{}% 1
\BOOKMARK [1][-]{section.2}{\376\377\133\376\214\141\060\150\145\271\154\325}{}% 2
\BOOKMARK [2][-]{subsection.2.1}{\376\377\060\342\060\307\060\353\060\156\151\313\142\020}{section.2}% 3
\BOOKMARK [2][-]{subsection.2.2}{\376\377\133\146\177\322\212\055\133\232}{section.2}% 4
\BOOKMARK [2][-]{subsection.2.3}{\376\377\133\237\210\114\164\260\130\203}{section.2}% 5
\BOOKMARK [1][-]{section.3}{\376\377\000Q\0001\377\032\137\213\220\037\211\201\126\340\060\156\124\014\133\232}{}% 6
\BOOKMARK [2][-]{subsection.3.1}{\376\377\060\355\060\374\060\253\060\353\164\260\130\203\060\147\060\156\131\061\145\127}{section.3}% 7
\BOOKMARK [2][-]{subsection.3.2}{\376\377\060\257\060\351\060\246\060\311\164\260\130\203\060\147\060\156\121\215\163\376\060\150\122\007\060\212\122\006\060\121}{section.3}% 8
\BOOKMARK [2][-]{subsection.3.3}{\376\377\143\320\117\233\164\260\130\203\060\156\000R\000A\000M\122\162\137\123\060\157\117\241\150\074\060\150\166\370\225\242\060\127\060\152\060\104}{section.3}% 9
\BOOKMARK [2][-]{subsection.3.4}{\376\377\147\054\133\146\177\322\060\156\133\237\156\054\120\044}{section.3}% 10
\BOOKMARK [2][-]{subsection.3.5}{\376\377\116\330\226\217\060\127\060\146\211\263\133\337\060\125\060\214\060\137\226\234\133\263}{section.3}% 11
\BOOKMARK [1][-]{section.4}{\376\377\000Q\0002\377\032\221\317\133\120\123\026\060\222\215\350\060\104\060\140\171\373\151\015}{}% 12
\BOOKMARK [1][-]{section.5}{\376\377\000Q\0003\377\032\000L\000o\000R\000A\060\156\133\304\116\016\060\150\147\000\220\151\212\055\133\232}{}% 13
\BOOKMARK [2][-]{subsection.5.1}{\376\377\000L\000o\000R\000A\060\157\117\125\060\222\133\304\116\016\060\131\060\213\060\156\060\113}{section.5}% 14
\BOOKMARK [2][-]{subsection.5.2}{\376\377\220\151\165\050\137\067\136\246\060\150\133\146\177\322\153\265\226\216}{section.5}% 15
\BOOKMARK [2][-]{subsection.5.3}{\376\377\116\244\135\356\151\034\212\074\060\150\143\250\131\150\212\055\133\232}{section.5}% 16
\BOOKMARK [2][-]{subsection.5.4}{\376\377\060\307\060\374\060\277\060\273\060\303\060\310\212\055\212\010\060\114\143\001\060\141\217\274\060\200\060\202\060\156}{section.5}% 17
\BOOKMARK [2][-]{subsection.5.5}{\376\377\060\310\060\352\060\254\060\374\212\236\060\156\147\011\122\271\140\047}{section.5}% 18
\BOOKMARK [2][-]{subsection.5.6}{\376\377\121\372\122\233\060\265\060\244\060\272\060\150\060\104\060\106\116\343\164\006\143\007\152\031}{section.5}% 19
\BOOKMARK [1][-]{section.6}{\376\377\226\120\165\114}{}% 20
\BOOKMARK [1][-]{section.7}{\376\377\175\120\212\326}{}% 21
